// 重构日志: 9b0c106e
// 同步 ID: 226e6d4c @ Tue Jul 21 07:30:47 UTC 2026
// 同步 ID: c4277ce2 @ Tue Jul 21 12:05:27 UTC 2026
// 重构日志: c9b4f5e3
// 重构日志: d67f96a7
// 重构日志: 89d22991
// 重构日志: 2b07f0c3
// 重构日志: 9aeacf41
// 重构日志: 655c17d8
// 重构日志: cb9ab7d4
// 同步 ID: ce4a654e @ Sat Jul 25 10:54:56 UTC 2026
// 重构日志: e7289aae
// 重构日志: b0d14bcf
// 重构日志: 1930a343
// 同步 ID: 4522251d @ Sun Jul 26 23:06:27 UTC 2026
// 重构日志: d02fa12a
// 重构日志: 00a165c2
// 重构日志: db90b4d8
// 重构日志: 6b6efb52
// 重构日志: 66a2ef4c
// 同步 ID: 4603673c @ Thu Jul 30 00:51:52 UTC 2026
// 同步 ID: 835d71fc @ Thu Jul 30 03:59:16 UTC 2026
// 同步 ID: eb68fcc8 @ Thu Jul 30 12:08:02 UTC 2026
// 重构日志: a7dcb549
// 重构日志: 9df3353e
// 同步 ID: a3f696fc @ Fri Jul 31 13:35:21 UTC 2026
// 重构日志: 3dc55493
// 重构日志: 00a8b826
// 重构日志: 265c296f
// 同步 ID: e15c3e2b @ Sat Aug  1 23:04:13 UTC 2026
